job: 4 real EEGMAT windows x 6 atoms

multi-programming throughput per register size (FakeTorino, zero delay):
   5 qubits: 25 copies on the chip,   11.8 us per shot ->   0.5 us per circuit-shot,    78 CZ per copy
   6 qubits: 21 copies on the chip,   26.9 us per shot ->   1.3 us per circuit-shot,   164 CZ per copy
   7 qubits: 18 copies on the chip,   50.4 us per shot ->   2.8 us per circuit-shot,   337 CZ per copy
   8 qubits: 15 copies on the chip,   73.9 us per shot ->   4.9 us per circuit-shot,   639 CZ per copy
   9 qubits: 14 copies on the chip,  142.4 us per shot ->  10.2 us per circuit-shot,  1181 CZ per copy
[heron q0] recon err 0.578  selected-atom energy 1.00 (worst 1.00)  QPU   0.00 s  classical   45.4 ms  round trips     0  shots         0  (0s sim per window)
[heron q6] recon err 0.575  selected-atom energy 0.99 (worst 0.80)  QPU   0.02 s  classical   35.4 ms  round trips    10  shots    11,750  (8s sim per window)
[heron q7] recon err 0.567  selected-atom energy 0.96 (worst 0.80)  QPU   0.09 s  classical   35.2 ms  round trips    17  shots    38,188  (23s sim per window)
[heron q8] recon err 0.561  selected-atom energy 0.91 (worst 0.54)  QPU   0.22 s  classical   32.0 ms  round trips    13  shots    59,562  (39s sim per window)
[heron q9] recon err 0.734  selected-atom energy 0.56 (worst 0.31)  QPU   4.69 s  classical    4.2 ms  round trips   262  shots   854,875  (766s sim per window)
[none  q0] recon err 0.578  selected-atom energy 1.00 (worst 1.00)  QPU   0.00 s  classical   49.0 ms  round trips     0  shots         0  (0s sim per window)
[none  q6] recon err 0.578  selected-atom energy 1.00 (worst 0.91)  QPU   0.02 s  classical   36.0 ms  round trips    14  shots    17,125  (1s sim per window)
[none  q7] recon err 0.584  selected-atom energy 0.97 (worst 0.82)  QPU   0.22 s  classical   29.0 ms  round trips    61  shots    85,750  (5s sim per window)
[none  q8] recon err 0.589  selected-atom energy 0.95 (worst 0.75)  QPU   0.64 s  classical   25.1 ms  round trips   109  shots   174,875  (10s sim per window)
[none  q9] recon err 0.599  selected-atom energy 0.98 (worst 0.89)  QPU   5.83 s  classical    3.6 ms  round trips   239  shots   720,938  (40s sim per window)

level    quantum share   recon err  noiseless  atom energy    QPU s  classical  round trips
q0                 0%       0.578      0.578         1.00     0.00     45.4ms            0
q6                 2%       0.575      0.578         0.99     0.02     35.4ms           10
q7                11%       0.567      0.584         0.96     0.09     35.2ms           17
q8                21%       0.561      0.589         0.91     0.22     32.0ms           13
q9               100%       0.734      0.599         0.56     4.69      4.2ms          262

wrote results/hybrid_act_levels.json
