job: 4 real EEGMAT windows x 6 atoms  (512 samples = 9 qubits each)

classical ACT, GPU                   215.53 ms/window  (0.600 ms/window batched x1024)   recon err 0.472
classical ACT, CPU                    54.58 ms/window   recon err 0.472
QACT exact simulation, GPU            10.25 ms/window  (0.099 ms/window batched x1024)   recon err 0.578
   circuit QACT window 1/4: recon err 0.512, 1,082 circuits so far (52s)
   circuit QACT window 2/4: recon err 0.566, 2,236 circuits so far (107s)
   circuit QACT window 3/4: recon err 0.590, 3,382 circuits so far (162s)
   circuit QACT window 4/4: recon err 0.660, 4,560 circuits so far (218s)
QACT circuits in Aer: 54.5 s/window (Aer execution 20.8 s of it); 1,140 circuits and 2,280,000 shots per window; recon err 0.582

IBM Heron, per shot (device-transpiled; feed-forward latency excluded):
   6-qubit window:   15.8 us + 250 us repetition delay   x    18 circuits/window x 2000 shots
   7-qubit window:   30.6 us + 250 us repetition delay   x   119 circuits/window x 2000 shots
   8-qubit window:   51.7 us + 250 us repetition delay   x   138 circuits/window x 2000 shots
   9-qubit window:   95.8 us + 250 us repetition delay   x   865 circuits/window x 2000 shots

engine                                    per window   x classical GPU
classical ACT, GPU                         215.53 ms                1x
classical ACT, CPU                          54.58 ms                0x
QACT exact simulation, GPU                  10.25 ms                0x
QACT circuits in Aer (simulator)              54.5 s              253x
QACT on IBM Heron, optimised                 757.9 s            3,516x   (estimate)
   same, repetition delay 0                  187.9 s              872x   (estimate)
QACT on IBM Heron, original design            17.0 h          283,872x   (estimate)

original design: 741 circuits/atom, 15.5x shots lost to post-selection, 195 us/shot.  optimised: 190 circuits/atom, no shots lost.
Traceback (most recent call last):
  File "/home/kc/Quantum-Brain-Encoding/qact_vs_act_speed.py", line 307, in <module>
    main()
    ~~~~^^
  File "/home/kc/Quantum-Brain-Encoding/qact_vs_act_speed.py", line 294, in main
    json.dump(dict(rows=[dict(engine=a, seconds_per_window=b,
    ~~~~~~~~~^^^^^^^^^^^^^^^^^^^^^^^^^^^^^^^^^^^^^^^^^^^^^^^^
                              batched_seconds_per_window=c, recon_err=d)
                              ^^^^^^^^^^^^^^^^^^^^^^^^^^^^^^^^^^^^^^^^^^
    ...<5 lines>...
                   baseline_circuits_per_atom=circ_base / P),
                   ^^^^^^^^^^^^^^^^^^^^^^^^^^^^^^^^^^^^^^^^^^
              open("results/qact_vs_act_speed.json", "w"), indent=1)
              ^^^^^^^^^^^^^^^^^^^^^^^^^^^^^^^^^^^^^^^^^^^^^^^^^^^^^^
  File "/usr/lib/python3.14/json/__init__.py", line 181, in dump
    for chunk in iterable:
                 ^^^^^^^^
  File "/usr/lib/python3.14/json/encoder.py", line 444, in _iterencode
    yield from _iterencode_dict(o, _current_indent_level)
  File "/usr/lib/python3.14/json/encoder.py", line 413, in _iterencode_dict
    yield from chunks
  File "/usr/lib/python3.14/json/encoder.py", line 326, in _iterencode_list
    yield from chunks
  File "/usr/lib/python3.14/json/encoder.py", line 413, in _iterencode_dict
    yield from chunks
  File "/usr/lib/python3.14/json/encoder.py", line 451, in _iterencode
    newobj = _default(o)
  File "/usr/lib/python3.14/json/encoder.py", line 182, in default
    raise TypeError(f'Object of type {o.__class__.__name__} '
                    f'is not JSON serializable')
TypeError: Object of type float32 is not JSON serializable
when serializing dict item 'recon_err'
when serializing list item 0
when serializing dict item 'rows'
