prepared 23 people in 97s; 1,763,853 steps of 2s
  [select qrc 1/12] {'h': 0.3, 'W': 0.05, 'dt': 1.0} val +0.4606 (108s)
  [select qrc 2/12] {'h': 0.3, 'W': 0.05, 'dt': 3.0} val +0.4595 (96s)
  [select qrc 3/12] {'h': 0.3, 'W': 1.0, 'dt': 1.0} val +0.4603 (99s)
  [select qrc 4/12] {'h': 0.3, 'W': 1.0, 'dt': 3.0} val +0.4594 (100s)
  [select qrc 5/12] {'h': 1.0, 'W': 0.05, 'dt': 1.0} val +0.4610 (103s)
  [select qrc 6/12] {'h': 1.0, 'W': 0.05, 'dt': 3.0} val +0.4587 (111s)
  [select qrc 7/12] {'h': 1.0, 'W': 1.0, 'dt': 1.0} val +0.4622 (109s)
  [select qrc 8/12] {'h': 1.0, 'W': 1.0, 'dt': 3.0} val +0.4608 (111s)
  [select qrc 9/12] {'h': 3.0, 'W': 0.05, 'dt': 1.0} val +0.4604 (177s)
  [select qrc 10/12] {'h': 3.0, 'W': 0.05, 'dt': 3.0} val +0.4586 (176s)
  [select qrc 11/12] {'h': 3.0, 'W': 1.0, 'dt': 1.0} val +0.4629 (178s)
  [select qrc 12/12] {'h': 3.0, 'W': 1.0, 'dt': 3.0} val +0.4616 (177s)
[qrc] selected {'h': 3.0, 'W': 1.0, 'dt': 1.0} (val +0.4629)
  [select esn 1/12] {'rho': 0.5, 'leak': 0.1, 'in_scale': 0.5} val +0.4692 (4s)
  [select esn 2/12] {'rho': 0.5, 'leak': 0.1, 'in_scale': 1.5} val +0.4681 (4s)
  [select esn 3/12] {'rho': 0.5, 'leak': 0.3, 'in_scale': 0.5} val +0.4668 (4s)
  [select esn 4/12] {'rho': 0.5, 'leak': 0.3, 'in_scale': 1.5} val +0.4644 (4s)
  [select esn 5/12] {'rho': 0.9, 'leak': 0.1, 'in_scale': 0.5} val +0.4685 (4s)
  [select esn 6/12] {'rho': 0.9, 'leak': 0.1, 'in_scale': 1.5} val +0.4678 (4s)
  [select esn 7/12] {'rho': 0.9, 'leak': 0.3, 'in_scale': 0.5} val +0.4668 (4s)
  [select esn 8/12] {'rho': 0.9, 'leak': 0.3, 'in_scale': 1.5} val +0.4645 (4s)
  [select esn 9/12] {'rho': 1.2, 'leak': 0.1, 'in_scale': 0.5} val +0.4658 (4s)
  [select esn 10/12] {'rho': 1.2, 'leak': 0.1, 'in_scale': 1.5} val +0.4671 (4s)
  [select esn 11/12] {'rho': 1.2, 'leak': 0.3, 'in_scale': 0.5} val +0.4646 (4s)
  [select esn 12/12] {'rho': 1.2, 'leak': 0.3, 'in_scale': 1.5} val +0.4639 (4s)
[esn] selected {'rho': 0.5, 'leak': 0.1, 'in_scale': 0.5} (val +0.4692)
  [select nvar 1/12] {'k': 2, 's': 1} val +0.4564 (1s)
  [select nvar 2/12] {'k': 2, 's': 2} val +0.4573 (1s)
  [select nvar 3/12] {'k': 2, 's': 3} val +0.4577 (1s)
  [select nvar 4/12] {'k': 4, 's': 1} val +0.4531 (3s)
  [select nvar 5/12] {'k': 4, 's': 2} val +0.4538 (3s)
  [select nvar 6/12] {'k': 4, 's': 3} val +0.4539 (3s)
  [select nvar 7/12] {'k': 6, 's': 1} val +0.4442 (7s)
  [select nvar 8/12] {'k': 6, 's': 2} val +0.4437 (7s)
  [select nvar 9/12] {'k': 6, 's': 3} val +0.4434 (7s)
  [select nvar 10/12] {'k': 8, 's': 1} val +0.4300 (14s)
  [select nvar 11/12] {'k': 8, 's': 2} val +0.4280 (14s)
  [select nvar 12/12] {'k': 8, 's': 3} val +0.4272 (14s)
[nvar] selected {'k': 2, 's': 3} (val +0.4577)
best classical reservoir by VALIDATION: esn
[test qrc] done (1942s)
[test qrc_shots] done (2120s)
[test qrc_J0] done (2192s)
[test esn] done (2197s)
[test nvar] done (2199s)
[test linear] done (2200s)

model        forecast skill mean/median     risk AUC (n)
qrc               +0.4289 / +0.4397        0.621 (15)
qrc_shots         +0.4294 / +0.4380        0.615 (15)
qrc_J0            +0.4052 / +0.4187        0.636 (15)
esn               +0.4361 / +0.4477        0.620 (15)
nvar              +0.4185 / +0.4270        0.567 (15)
linear            +0.4131 / +0.4235        0.603 (15)

PRE-REGISTERED DECISIONS (alpha 0.01), best classical = esn:
  T1 qrc        vs esn       forecast  diff -0.0072 better 3/23 p=0.0001 -> no demonstrated quantum benefit
  T2 qrc        vs esn       risk AUC  diff +0.0010 better 9/15 p=0.7197 -> no demonstrated quantum benefit
  T3 qrc_shots  vs esn       forecast  diff -0.0067 better 3/23 p=0.0019 -> no demonstrated quantum benefit
  T4 qrc_shots  vs esn       risk AUC  diff -0.0057 better 8/15 p=0.8040 -> no demonstrated quantum benefit
  T5 qrc        vs qrc_J0    forecast  diff +0.0237 better 23/23 p=0.0000 -> QUANTUM BENEFIT

POOLED readout (all people trained together), mean test skill:
  qrc     pooled +0.4213 vs per-person +0.4289 (diff -0.0076, better for 4/23, alpha 1000)
  esn     pooled +0.4251 vs per-person +0.4361 (diff -0.0111, better for 3/23, alpha 10)
  linear  pooled +0.4195 vs per-person +0.4131 (diff +0.0064, better for 14/23, alpha 1000)

total 2383s
