sweep started 14:30:48
=== 60s steps (step-windows 30) ===
prepared 23 people in 9s; 58,763 steps of 60s; horizons [60] s
  [select qrc 1/12] {'h': 0.3, 'W': 0.05, 'dt': 1.0} val +0.1823 (93s)
  [select qrc 2/12] {'h': 0.3, 'W': 0.05, 'dt': 3.0} val +0.1912 (90s)
  [select qrc 3/12] {'h': 0.3, 'W': 1.0, 'dt': 1.0} val +0.1784 (95s)
  [select qrc 4/12] {'h': 0.3, 'W': 1.0, 'dt': 3.0} val +0.1945 (73s)
  [select qrc 5/12] {'h': 1.0, 'W': 0.05, 'dt': 1.0} val +0.1928 (20s)
  [select qrc 6/12] {'h': 1.0, 'W': 0.05, 'dt': 3.0} val +0.2000 (41s)
  [select qrc 7/12] {'h': 1.0, 'W': 1.0, 'dt': 1.0} val +0.1819 (58s)
  [select qrc 8/12] {'h': 1.0, 'W': 1.0, 'dt': 3.0} val +0.1900 (21s)
  [select qrc 9/12] {'h': 3.0, 'W': 0.05, 'dt': 1.0} val +0.1918 (21s)
  [select qrc 10/12] {'h': 3.0, 'W': 0.05, 'dt': 3.0} val +0.2024 (24s)
  [select qrc 11/12] {'h': 3.0, 'W': 1.0, 'dt': 1.0} val +0.1871 (20s)
  [select qrc 12/12] {'h': 3.0, 'W': 1.0, 'dt': 3.0} val +0.1912 (22s)
[qrc] selected {'h': 3.0, 'W': 0.05, 'dt': 3.0} (val +0.2024)
  [select esn 1/12] {'rho': 0.5, 'leak': 0.1, 'in_scale': 0.5} val +0.2034 (1s)
  [select esn 2/12] {'rho': 0.5, 'leak': 0.1, 'in_scale': 1.5} val +0.2043 (1s)
  [select esn 3/12] {'rho': 0.5, 'leak': 0.3, 'in_scale': 0.5} val +0.2149 (1s)
  [select esn 4/12] {'rho': 0.5, 'leak': 0.3, 'in_scale': 1.5} val +0.2150 (1s)
  [select esn 5/12] {'rho': 0.9, 'leak': 0.1, 'in_scale': 0.5} val +0.1940 (1s)
  [select esn 6/12] {'rho': 0.9, 'leak': 0.1, 'in_scale': 1.5} val +0.1974 (1s)
  [select esn 7/12] {'rho': 0.9, 'leak': 0.3, 'in_scale': 0.5} val +0.2041 (1s)
  [select esn 8/12] {'rho': 0.9, 'leak': 0.3, 'in_scale': 1.5} val +0.2077 (1s)
  [select esn 9/12] {'rho': 1.2, 'leak': 0.1, 'in_scale': 0.5} val +0.1866 (1s)
  [select esn 10/12] {'rho': 1.2, 'leak': 0.1, 'in_scale': 1.5} val +0.1924 (1s)
  [select esn 11/12] {'rho': 1.2, 'leak': 0.3, 'in_scale': 0.5} val +0.1937 (1s)
  [select esn 12/12] {'rho': 1.2, 'leak': 0.3, 'in_scale': 1.5} val +0.2024 (1s)
[esn] selected {'rho': 0.5, 'leak': 0.3, 'in_scale': 1.5} (val +0.2150)
  [select nvar 1/12] {'k': 2, 's': 1} val +0.1946 (0s)
  [select nvar 2/12] {'k': 2, 's': 2} val +0.1937 (0s)
  [select nvar 3/12] {'k': 2, 's': 3} val +0.1942 (0s)
  [select nvar 4/12] {'k': 4, 's': 1} val +0.1572 (1s)
  [select nvar 5/12] {'k': 4, 's': 2} val +0.1505 (1s)
  [select nvar 6/12] {'k': 4, 's': 3} val +0.1490 (1s)
  [select nvar 7/12] {'k': 6, 's': 1} val +0.1258 (1s)
  [select nvar 8/12] {'k': 6, 's': 2} val +0.1101 (1s)
  [select nvar 9/12] {'k': 6, 's': 3} val +0.1096 (1s)
  [select nvar 10/12] {'k': 8, 's': 1} val +0.0974 (3s)
  [select nvar 11/12] {'k': 8, 's': 2} val +0.0856 (3s)
  [select nvar 12/12] {'k': 8, 's': 3} val +0.0813 (3s)
[nvar] selected {'k': 2, 's': 1} (val +0.1946)
best classical reservoir by VALIDATION: esn
[test qrc] done (634s)
[test qrc_shots] done (660s)
[test qrc_J0] done (663s)
[test esn] done (664s)
[test nvar] done (664s)
[test linear] done (664s)

model        forecast skill mean/median     risk AUC (n)
qrc               +0.0962 / +0.0983        0.627 (14)
qrc_shots         +0.1037 / +0.1148        0.610 (14)
qrc_J0            +0.1003 / +0.1267        0.581 (14)
esn               +0.1057 / +0.1187        0.601 (14)
nvar              +0.0079 / +0.0689        0.544 (14)
linear            +0.1052 / +0.1411        0.594 (14)

PRE-REGISTERED DECISIONS (alpha 0.01), best classical = esn:
  T1 qrc        vs esn       forecast  diff -0.0096 better 4/23 p=0.0049 -> no demonstrated quantum benefit
  T2 qrc        vs esn       risk AUC  diff +0.0255 better 8/14 p=0.2676 -> no demonstrated quantum benefit
  T3 qrc_shots  vs esn       forecast  diff -0.0020 better 6/23 p=0.0196 -> no demonstrated quantum benefit
  T4 qrc_shots  vs esn       risk AUC  diff +0.0090 better 8/14 p=0.6698 -> no demonstrated quantum benefit
  T5 qrc        vs qrc_J0    forecast  diff -0.0042 better 10/23 p=0.2345 -> no demonstrated quantum benefit

POOLED readout (all people trained together), mean test skill:
  qrc     pooled +0.2445 vs per-person +0.0962 (diff +0.1483, better for 22/23, alpha 1000)
  esn     pooled +0.2447 vs per-person +0.1057 (diff +0.1390, better for 22/23, alpha 1000)
  linear  pooled +0.2468 vs per-person +0.1052 (diff +0.1416, better for 23/23, alpha 1000)

total 686s
=== 30s steps (step-windows 15) ===
prepared 23 people in 11s; 117,553 steps of 30s; horizons [30, 60] s
  [select qrc 1/12] {'h': 0.3, 'W': 0.05, 'dt': 1.0} val +0.2827 (23s)
  [select qrc 2/12] {'h': 0.3, 'W': 0.05, 'dt': 3.0} val +0.2967 (25s)
  [select qrc 3/12] {'h': 0.3, 'W': 1.0, 'dt': 1.0} val +0.2835 (26s)
  [select qrc 4/12] {'h': 0.3, 'W': 1.0, 'dt': 3.0} val +0.2959 (23s)
  [select qrc 5/12] {'h': 1.0, 'W': 0.05, 'dt': 1.0} val +0.2958 (22s)
  [select qrc 6/12] {'h': 1.0, 'W': 0.05, 'dt': 3.0} val +0.3000 (25s)
  [select qrc 7/12] {'h': 1.0, 'W': 1.0, 'dt': 1.0} val +0.2869 (32s)
  [select qrc 8/12] {'h': 1.0, 'W': 1.0, 'dt': 3.0} val +0.2938 (86s)
  [select qrc 9/12] {'h': 3.0, 'W': 0.05, 'dt': 1.0} val +0.2944 (84s)
  [select qrc 10/12] {'h': 3.0, 'W': 0.05, 'dt': 3.0} val +0.3001 (84s)
  [select qrc 11/12] {'h': 3.0, 'W': 1.0, 'dt': 1.0} val +0.2887 (82s)
  [select qrc 12/12] {'h': 3.0, 'W': 1.0, 'dt': 3.0} val +0.2963 (83s)
[qrc] selected {'h': 3.0, 'W': 0.05, 'dt': 3.0} (val +0.3001)
  [select esn 1/12] {'rho': 0.5, 'leak': 0.1, 'in_scale': 0.5} val +0.3064 (1s)
  [select esn 2/12] {'rho': 0.5, 'leak': 0.1, 'in_scale': 1.5} val +0.3080 (1s)
  [select esn 3/12] {'rho': 0.5, 'leak': 0.3, 'in_scale': 0.5} val +0.3183 (1s)
  [select esn 4/12] {'rho': 0.5, 'leak': 0.3, 'in_scale': 1.5} val +0.3157 (1s)
  [select esn 5/12] {'rho': 0.9, 'leak': 0.1, 'in_scale': 0.5} val +0.2959 (1s)
  [select esn 6/12] {'rho': 0.9, 'leak': 0.1, 'in_scale': 1.5} val +0.3004 (1s)
  [select esn 7/12] {'rho': 0.9, 'leak': 0.3, 'in_scale': 0.5} val +0.3103 (1s)
  [select esn 8/12] {'rho': 0.9, 'leak': 0.3, 'in_scale': 1.5} val +0.3105 (1s)
  [select esn 9/12] {'rho': 1.2, 'leak': 0.1, 'in_scale': 0.5} val +0.2843 (1s)
  [select esn 10/12] {'rho': 1.2, 'leak': 0.1, 'in_scale': 1.5} val +0.2929 (1s)
  [select esn 11/12] {'rho': 1.2, 'leak': 0.3, 'in_scale': 0.5} val +0.3001 (1s)
  [select esn 12/12] {'rho': 1.2, 'leak': 0.3, 'in_scale': 1.5} val +0.3038 (1s)
[esn] selected {'rho': 0.5, 'leak': 0.3, 'in_scale': 0.5} (val +0.3183)
  [select nvar 1/12] {'k': 2, 's': 1} val +0.2886 (0s)
  [select nvar 2/12] {'k': 2, 's': 2} val +0.2888 (0s)
  [select nvar 3/12] {'k': 2, 's': 3} val +0.2862 (0s)
  [select nvar 4/12] {'k': 4, 's': 1} val +0.2492 (1s)
  [select nvar 5/12] {'k': 4, 's': 2} val +0.2486 (1s)
  [select nvar 6/12] {'k': 4, 's': 3} val +0.2447 (1s)
  [select nvar 7/12] {'k': 6, 's': 1} val +0.2164 (2s)
  [select nvar 8/12] {'k': 6, 's': 2} val +0.2095 (2s)
  [select nvar 9/12] {'k': 6, 's': 3} val +0.2061 (2s)
  [select nvar 10/12] {'k': 8, 's': 1} val +0.1836 (3s)
  [select nvar 11/12] {'k': 8, 's': 2} val +0.1773 (3s)
  [select nvar 12/12] {'k': 8, 's': 3} val +0.1695 (3s)
[nvar] selected {'k': 2, 's': 2} (val +0.2888)
best classical reservoir by VALIDATION: esn
[test qrc] done (714s)
[test qrc_shots] done (796s)
[test qrc_J0] done (802s)
[test esn] done (802s)
[test nvar] done (803s)
[test linear] done (803s)

model        forecast skill mean/median     risk AUC (n)
qrc               +0.1915 / +0.2263        0.679 (15)
qrc_shots         +0.1883 / +0.2275        0.671 (15)
qrc_J0            +0.1776 / +0.2251        0.627 (15)
esn               +0.2151 / +0.2531        0.657 (15)
nvar              +0.1347 / +0.2307        0.563 (15)
linear            +0.1977 / +0.2374        0.628 (15)

PRE-REGISTERED DECISIONS (alpha 0.01), best classical = esn:
  T1 qrc        vs esn       forecast  diff -0.0236 better 1/23 p=0.0002 -> no demonstrated quantum benefit
  T2 qrc        vs esn       risk AUC  diff +0.0216 better 8/15 p=0.5245 -> no demonstrated quantum benefit
  T3 qrc_shots  vs esn       forecast  diff -0.0268 better 1/23 p=0.0002 -> no demonstrated quantum benefit
  T4 qrc_shots  vs esn       risk AUC  diff +0.0141 better 8/15 p=0.5995 -> no demonstrated quantum benefit
  T5 qrc        vs qrc_J0    forecast  diff +0.0139 better 13/23 p=0.0650 -> no demonstrated quantum benefit

POOLED readout (all people trained together), mean test skill:
  qrc     pooled +0.2887 vs per-person +0.1915 (diff +0.0973, better for 22/23, alpha 1000)
  esn     pooled +0.2933 vs per-person +0.2151 (diff +0.0782, better for 22/23, alpha 1000)
  linear  pooled +0.2903 vs per-person +0.1977 (diff +0.0926, better for 23/23, alpha 1000)

total 885s
=== 10s steps (step-windows 5) ===
prepared 23 people in 22s; 352,742 steps of 10s; horizons [10, 20, 30, 40, 50, 60] s
  [select qrc 1/12] {'h': 0.3, 'W': 0.05, 'dt': 1.0} val +0.3911 (36s)
  [select qrc 2/12] {'h': 0.3, 'W': 0.05, 'dt': 3.0} val +0.3994 (34s)
  [select qrc 3/12] {'h': 0.3, 'W': 1.0, 'dt': 1.0} val +0.3926 (35s)
  [select qrc 4/12] {'h': 0.3, 'W': 1.0, 'dt': 3.0} val +0.3987 (30s)
  [select qrc 5/12] {'h': 1.0, 'W': 0.05, 'dt': 1.0} val +0.4012 (29s)
  [select qrc 6/12] {'h': 1.0, 'W': 0.05, 'dt': 3.0} val +0.4004 (30s)
  [select qrc 7/12] {'h': 1.0, 'W': 1.0, 'dt': 1.0} val +0.3969 (28s)
  [select qrc 8/12] {'h': 1.0, 'W': 1.0, 'dt': 3.0} val +0.3990 (30s)
  [select qrc 9/12] {'h': 3.0, 'W': 0.05, 'dt': 1.0} val +0.3988 (31s)
  [select qrc 10/12] {'h': 3.0, 'W': 0.05, 'dt': 3.0} val +0.4007 (31s)
  [select qrc 11/12] {'h': 3.0, 'W': 1.0, 'dt': 1.0} val +0.3983 (29s)
  [select qrc 12/12] {'h': 3.0, 'W': 1.0, 'dt': 3.0} val +0.4001 (31s)
[qrc] selected {'h': 1.0, 'W': 0.05, 'dt': 1.0} (val +0.4012)
  [select esn 1/12] {'rho': 0.5, 'leak': 0.1, 'in_scale': 0.5} val +0.4130 (1s)
  [select esn 2/12] {'rho': 0.5, 'leak': 0.1, 'in_scale': 1.5} val +0.4116 (1s)
  [select esn 3/12] {'rho': 0.5, 'leak': 0.3, 'in_scale': 0.5} val +0.4141 (1s)
  [select esn 4/12] {'rho': 0.5, 'leak': 0.3, 'in_scale': 1.5} val +0.4106 (1s)
  [select esn 5/12] {'rho': 0.9, 'leak': 0.1, 'in_scale': 0.5} val +0.4082 (1s)
  [select esn 6/12] {'rho': 0.9, 'leak': 0.1, 'in_scale': 1.5} val +0.4085 (1s)
  [select esn 7/12] {'rho': 0.9, 'leak': 0.3, 'in_scale': 0.5} val +0.4113 (1s)
  [select esn 8/12] {'rho': 0.9, 'leak': 0.3, 'in_scale': 1.5} val +0.4080 (1s)
  [select esn 9/12] {'rho': 1.2, 'leak': 0.1, 'in_scale': 0.5} val +0.4007 (1s)
  [select esn 10/12] {'rho': 1.2, 'leak': 0.1, 'in_scale': 1.5} val +0.4049 (1s)
  [select esn 11/12] {'rho': 1.2, 'leak': 0.3, 'in_scale': 0.5} val +0.4054 (1s)
  [select esn 12/12] {'rho': 1.2, 'leak': 0.3, 'in_scale': 1.5} val +0.4050 (1s)
[esn] selected {'rho': 0.5, 'leak': 0.3, 'in_scale': 0.5} (val +0.4141)
  [select nvar 1/12] {'k': 2, 's': 1} val +0.3946 (0s)
  [select nvar 2/12] {'k': 2, 's': 2} val +0.3947 (0s)
  [select nvar 3/12] {'k': 2, 's': 3} val +0.3946 (0s)
  [select nvar 4/12] {'k': 4, 's': 1} val +0.3771 (1s)
  [select nvar 5/12] {'k': 4, 's': 2} val +0.3743 (1s)
  [select nvar 6/12] {'k': 4, 's': 3} val +0.3727 (1s)
  [select nvar 7/12] {'k': 6, 's': 1} val +0.3524 (3s)
  [select nvar 8/12] {'k': 6, 's': 2} val +0.3447 (3s)
  [select nvar 9/12] {'k': 6, 's': 3} val +0.3426 (3s)
  [select nvar 10/12] {'k': 8, 's': 1} val +0.3235 (6s)
  [select nvar 11/12] {'k': 8, 's': 2} val +0.3144 (6s)
  [select nvar 12/12] {'k': 8, 's': 3} val +0.3104 (6s)
[nvar] selected {'k': 2, 's': 2} (val +0.3947)
best classical reservoir by VALIDATION: esn
[test qrc] done (469s)
[test qrc_shots] done (498s)
[test qrc_J0] done (512s)
[test esn] done (513s)
[test nvar] done (514s)
[test linear] done (514s)

model        forecast skill mean/median     risk AUC (n)
qrc               +0.3228 / +0.3388        0.641 (15)
qrc_shots         +0.3206 / +0.3424        0.651 (15)
qrc_J0            +0.3029 / +0.3333        0.624 (15)
esn               +0.3392 / +0.3681        0.620 (15)
nvar              +0.2967 / +0.3190        0.567 (15)
linear            +0.3125 / +0.3453        0.630 (15)

PRE-REGISTERED DECISIONS (alpha 0.01), best classical = esn:
  T1 qrc        vs esn       forecast  diff -0.0163 better 2/23 p=0.0001 -> no demonstrated quantum benefit
  T2 qrc        vs esn       risk AUC  diff +0.0205 better 8/15 p=0.3894 -> no demonstrated quantum benefit
  T3 qrc_shots  vs esn       forecast  diff -0.0185 better 4/23 p=0.0003 -> no demonstrated quantum benefit
  T4 qrc_shots  vs esn       risk AUC  diff +0.0304 better 8/15 p=0.4212 -> no demonstrated quantum benefit
  T5 qrc        vs qrc_J0    forecast  diff +0.0199 better 22/23 p=0.0000 -> QUANTUM BENEFIT

POOLED readout (all people trained together), mean test skill:
  qrc     pooled +0.3544 vs per-person +0.3228 (diff +0.0316, better for 22/23, alpha 1000)
  esn     pooled +0.3513 vs per-person +0.3392 (diff +0.0121, better for 13/23, alpha 100)
  linear  pooled +0.3535 vs per-person +0.3125 (diff +0.0409, better for 22/23, alpha 1000)

total 546s
SWEEPDONE
