prepared 23 people in 73s
  [select qrc 1/12] {'h': 0.3, 'W': 0.05, 'dt': 1.0}  mean val skill +0.3923  (189s)
  [select qrc 2/12] {'h': 0.3, 'W': 0.05, 'dt': 3.0}  mean val skill +0.3987  (211s)
  [select qrc 3/12] {'h': 0.3, 'W': 1.0, 'dt': 1.0}  mean val skill +0.3953  (192s)
  [select qrc 4/12] {'h': 0.3, 'W': 1.0, 'dt': 3.0}  mean val skill +0.3981  (196s)
  [select qrc 5/12] {'h': 1.0, 'W': 0.05, 'dt': 1.0}  mean val skill +0.4009  (191s)
  [select qrc 6/12] {'h': 1.0, 'W': 0.05, 'dt': 3.0}  mean val skill +0.3995  (192s)
  [select qrc 7/12] {'h': 1.0, 'W': 1.0, 'dt': 1.0}  mean val skill +0.3993  (195s)
  [select qrc 8/12] {'h': 1.0, 'W': 1.0, 'dt': 3.0}  mean val skill +0.3988  (193s)
  [select qrc 9/12] {'h': 3.0, 'W': 0.05, 'dt': 1.0}  mean val skill +0.3978  (193s)
  [select qrc 10/12] {'h': 3.0, 'W': 0.05, 'dt': 3.0}  mean val skill +0.3999  (198s)
  [select qrc 11/12] {'h': 3.0, 'W': 1.0, 'dt': 1.0}  mean val skill +0.4000  (197s)
  [select qrc 12/12] {'h': 3.0, 'W': 1.0, 'dt': 3.0}  mean val skill +0.3999  (202s)
[qrc] selected {'h': 1.0, 'W': 0.05, 'dt': 1.0} (val +0.4009)
  [select esn 1/12] {'rho': 0.5, 'leak': 0.3, 'in_scale': 0.5}  mean val skill +0.4135  (2s)
  [select esn 2/12] {'rho': 0.5, 'leak': 0.3, 'in_scale': 1.5}  mean val skill +0.4099  (2s)
  [select esn 3/12] {'rho': 0.5, 'leak': 1.0, 'in_scale': 0.5}  mean val skill +0.4071  (2s)
  [select esn 4/12] {'rho': 0.5, 'leak': 1.0, 'in_scale': 1.5}  mean val skill +0.3999  (2s)
  [select esn 5/12] {'rho': 0.9, 'leak': 0.3, 'in_scale': 0.5}  mean val skill +0.4111  (2s)
  [select esn 6/12] {'rho': 0.9, 'leak': 0.3, 'in_scale': 1.5}  mean val skill +0.4072  (2s)
  [select esn 7/12] {'rho': 0.9, 'leak': 1.0, 'in_scale': 0.5}  mean val skill +0.4040  (2s)
  [select esn 8/12] {'rho': 0.9, 'leak': 1.0, 'in_scale': 1.5}  mean val skill +0.3973  (2s)
  [select esn 9/12] {'rho': 1.2, 'leak': 0.3, 'in_scale': 0.5}  mean val skill +0.4065  (2s)
  [select esn 10/12] {'rho': 1.2, 'leak': 0.3, 'in_scale': 1.5}  mean val skill +0.4044  (2s)
  [select esn 11/12] {'rho': 1.2, 'leak': 1.0, 'in_scale': 0.5}  mean val skill +0.3971  (2s)
  [select esn 12/12] {'rho': 1.2, 'leak': 1.0, 'in_scale': 1.5}  mean val skill +0.3947  (2s)
[esn] selected {'rho': 0.5, 'leak': 0.3, 'in_scale': 0.5} (val +0.4135)
  [select nvar 1/12] {'k': 2, 's': 1}  mean val skill +0.3936  (2s)
  [select nvar 2/12] {'k': 2, 's': 2}  mean val skill +0.3937  (2s)
  [select nvar 3/12] {'k': 2, 's': 3}  mean val skill +0.3937  (2s)
  [select nvar 4/12] {'k': 4, 's': 1}  mean val skill +0.3759  (3s)
  [select nvar 5/12] {'k': 4, 's': 2}  mean val skill +0.3732  (3s)
  [select nvar 6/12] {'k': 4, 's': 3}  mean val skill +0.3716  (3s)
  [select nvar 7/12] {'k': 6, 's': 1}  mean val skill +0.3510  (8s)
  [select nvar 8/12] {'k': 6, 's': 2}  mean val skill +0.3431  (8s)
  [select nvar 9/12] {'k': 6, 's': 3}  mean val skill +0.3408  (8s)
  [select nvar 10/12] {'k': 8, 's': 1}  mean val skill +0.3218  (16s)
  [select nvar 11/12] {'k': 8, 's': 2}  mean val skill +0.3125  (16s)
  [select nvar 12/12] {'k': 8, 's': 3}  mean val skill +0.3086  (16s)
[nvar] selected {'k': 2, 's': 2} (val +0.3937)
best classical reservoir by VALIDATION: esn
[test qrc] done
[test qrc_real] done
[test qrc_J0] done
[test esn] done
[test nvar] done
[test linear] done

model       forecast skill mean/median  beats persistence   risk AUC (n)
qrc              +0.3179 / +0.3391         23/23      0.634 (15)
qrc_real         +0.3196 / +0.3413         23/23      0.644 (15)
qrc_J0           +0.3087 / +0.3439         23/23      0.619 (15)
esn              +0.3378 / +0.3676         23/23      0.618 (15)
nvar             +0.2963 / +0.3291         23/23      0.565 (15)
linear           +0.3114 / +0.3451         23/23      0.630 (15)

PRE-REGISTERED DECISIONS (alpha 0.01), best classical = esn:
  T1 qrc      vs esn     forecast skill  diff -0.0199  better 1/23  p = 0.0000 -> no demonstrated quantum benefit
  T2 qrc      vs esn     risk AUC        diff +0.0163  better 8/15  p = 0.5245 -> no demonstrated quantum benefit
  T3 qrc_real vs esn     forecast skill  diff -0.0182  better 4/23  p = 0.0006 -> no demonstrated quantum benefit
  T4 qrc_real vs esn     risk AUC        diff +0.0263  better 8/15  p = 0.3303 -> no demonstrated quantum benefit
  T5 qrc      vs qrc_J0  forecast skill  diff +0.0092  better 19/23  p = 0.0006 -> QUANTUM BENEFIT

total 3562s
