[tune2] X=(2016, 247) subjects=36 budget=40/model outer=6 inner=3 alpha=0.01
  [none] fold 1/6 qlr      inner  57.7%  outer  48.2%   {'n_qubits': 8, 'layers': 2, 'reupload': True, 'entanglement': 'linear', 'feature_map': 'z', 'angle_scale': 0.2, 'C': 0.03}
  [none] fold 1/6 logreg   inner  57.7%  outer  46.7%   {'C': 0.01, 'n_qubits': 30}
  [none] fold 1/6 svm_rbf  inner  57.3%  outer  46.7%   {'C': 1.0, 'gamma': 'scale', 'n_qubits': 6}
  [none] fold 1 done, 23s
  [none] fold 2/6 qlr      inner  56.5%  outer  56.0%   {'n_qubits': 10, 'layers': 3, 'reupload': True, 'entanglement': 'full', 'feature_map': 'z', 'angle_scale': 1.0, 'C': 0.03}
  [none] fold 2/6 logreg   inner  54.0%  outer  62.2%   {'C': 0.01, 'n_qubits': 30}
  [none] fold 2/6 svm_rbf  inner  54.1%  outer  53.0%   {'C': 1.0, 'gamma': 0.5, 'n_qubits': 12}
  [none] fold 2 done, 46s
  [none] fold 3/6 qlr      inner  57.6%  outer  44.9%   {'n_qubits': 6, 'layers': 1, 'reupload': False, 'entanglement': 'linear', 'feature_map': 'z', 'angle_scale': 1.0, 'C': 0.003}
  [none] fold 3/6 logreg   inner  57.5%  outer  44.0%   {'C': 0.01, 'n_qubits': 30}
  [none] fold 3/6 svm_rbf  inner  56.8%  outer  45.8%   {'C': 100.0, 'gamma': 0.01, 'n_qubits': 4}
  [none] fold 3 done, 70s
  [none] fold 4/6 qlr      inner  54.9%  outer  61.3%   {'n_qubits': 10, 'layers': 2, 'reupload': True, 'entanglement': 'full', 'feature_map': 'z', 'angle_scale': 0.1, 'C': 3.0}
  [none] fold 4/6 logreg   inner  53.6%  outer  67.9%   {'C': 0.01, 'n_qubits': 30}
  [none] fold 4/6 svm_rbf  inner  54.5%  outer  63.4%   {'C': 1.0, 'gamma': 'scale', 'n_qubits': 8}
  [none] fold 4 done, 100s
  [none] fold 5/6 qlr      inner  54.8%  outer  59.8%   {'n_qubits': 10, 'layers': 3, 'reupload': True, 'entanglement': 'full', 'feature_map': 'z', 'angle_scale': 1.0, 'C': 0.03}
  [none] fold 5/6 logreg   inner  54.6%  outer  63.4%   {'C': 0.3, 'n_qubits': 20}
  [none] fold 5/6 svm_rbf  inner  54.0%  outer  54.5%   {'C': 100.0, 'gamma': 'scale', 'n_qubits': 30}
  [none] fold 5 done, 136s
  [none] fold 6/6 qlr      inner  57.8%  outer  46.7%   {'n_qubits': 10, 'layers': 3, 'reupload': True, 'entanglement': 'full', 'feature_map': 'z', 'angle_scale': 0.5, 'C': 0.03}
  [none] fold 6/6 logreg   inner  57.3%  outer  42.6%   {'C': 0.003, 'n_qubits': 16}
  [none] fold 6/6 svm_rbf  inner  56.3%  outer  44.3%   {'C': 0.1, 'gamma': 0.05, 'n_qubits': 20}
  [none] fold 6 done, 166s

=== none normalisation: nested subject-wise CV, 36 subjects ===
model      nested acc  mean/subject     sd
logreg          54.5%         54.5%  15.0   classical
qlr             52.8%         52.8%  12.2   quantum
svm_rbf         51.3%         51.3%  12.6   classical

paired Wilcoxon across subjects (quantum vs each classical):
  qlr   vs logreg   diff  -1.6 pts  better on 15/36  p = 0.3374
  qlr   vs svm_rbf  diff  +1.5 pts  better on 18/36  p = 0.3591

PRE-REGISTERED DECISION: best quantum qlr vs best classical logreg: -1.6 pts, p = 0.3374 (alpha 0.01) -> classical wins or ties
  [subject] fold 1/6 qlr      inner  60.7%  outer  50.3%   {'n_qubits': 4, 'layers': 3, 'reupload': True, 'entanglement': 'linear', 'feature_map': 'z', 'angle_scale': 0.3, 'C': 0.003}
  [subject] fold 1/6 logreg   inner  60.4%  outer  53.9%   {'C': 0.01, 'n_qubits': 30}
  [subject] fold 1/6 svm_rbf  inner  59.9%  outer  54.2%   {'C': 1.0, 'gamma': 0.01, 'n_qubits': 20}
  [subject] fold 1 done, 32s
  [subject] fold 2/6 qlr      inner  57.7%  outer  64.9%   {'n_qubits': 10, 'layers': 3, 'reupload': True, 'entanglement': 'full', 'feature_map': 'z', 'angle_scale': 0.5, 'C': 0.03}
  [subject] fold 2/6 logreg   inner  57.5%  outer  62.5%   {'C': 10.0, 'n_qubits': 30}
  [subject] fold 2/6 svm_rbf  inner  56.9%  outer  62.8%   {'C': 1.0, 'gamma': 0.01, 'n_qubits': 20}
  [subject] fold 2 done, 60s
  [subject] fold 3/6 qlr      inner  61.8%  outer  46.1%   {'n_qubits': 6, 'layers': 3, 'reupload': False, 'entanglement': 'full', 'feature_map': 'z', 'angle_scale': 0.7, 'C': 0.3}
  [subject] fold 3/6 logreg   inner  61.0%  outer  47.3%   {'C': 0.003, 'n_qubits': 20}
  [subject] fold 3/6 svm_rbf  inner  60.7%  outer  50.3%   {'C': 10.0, 'gamma': 0.05, 'n_qubits': 8}
  [subject] fold 3 done, 87s
  [subject] fold 4/6 qlr      inner  55.4%  outer  67.0%   {'n_qubits': 6, 'layers': 3, 'reupload': True, 'entanglement': 'full', 'feature_map': 'z', 'angle_scale': 0.7, 'C': 3.0}
  [subject] fold 4/6 logreg   inner  56.1%  outer  67.9%   {'C': 0.01, 'n_qubits': 30}
  [subject] fold 4/6 svm_rbf  inner  56.7%  outer  66.1%   {'C': 1.0, 'gamma': 0.05, 'n_qubits': 20}
  [subject] fold 4 done, 114s
  [subject] fold 5/6 qlr      inner  57.3%  outer  69.0%   {'n_qubits': 8, 'layers': 2, 'reupload': True, 'entanglement': 'linear', 'feature_map': 'z', 'angle_scale': 0.2, 'C': 0.03}
  [subject] fold 5/6 logreg   inner  57.7%  outer  67.0%   {'C': 0.01, 'n_qubits': 30}
  [subject] fold 5/6 svm_rbf  inner  57.7%  outer  67.9%   {'C': 1.0, 'gamma': 0.05, 'n_qubits': 30}
  [subject] fold 5 done, 140s
  [subject] fold 6/6 qlr      inner  61.7%  outer  42.3%   {'n_qubits': 10, 'layers': 2, 'reupload': True, 'entanglement': 'linear', 'feature_map': 'zz', 'angle_scale': 0.05, 'C': 0.003}
  [subject] fold 6/6 logreg   inner  63.2%  outer  48.2%   {'C': 0.03, 'n_qubits': 30}
  [subject] fold 6/6 svm_rbf  inner  62.6%  outer  46.1%   {'C': 1.0, 'gamma': 0.01, 'n_qubits': 20}
  [subject] fold 6 done, 166s

=== subject normalisation: nested subject-wise CV, 36 subjects ===
model      nested acc  mean/subject     sd
svm_rbf         57.9%         57.9%  15.5   classical
logreg          57.8%         57.8%  15.0   classical
qlr             56.6%         56.6%  16.4   quantum

paired Wilcoxon across subjects (quantum vs each classical):
  qlr   vs logreg   diff  -1.2 pts  better on 13/36  p = 0.2008
  qlr   vs svm_rbf  diff  -1.3 pts  better on 17/36  p = 0.2963

PRE-REGISTERED DECISION: best quantum qlr vs best classical svm_rbf: -1.3 pts, p = 0.2963 (alpha 0.01) -> classical wins or ties

wrote results/tuning3_eegmat.json
