[tune2] X=(2016, 247) subjects=36 budget=30/model outer=6 inner=3 alpha=0.025
  [none] fold 1/6 qsvc     inner  57.4%  outer  50.0%   {'n_qubits': 8, 'layers': 2, 'reupload': True, 'entanglement': 'linear', 'feature_map': 'z', 'angle_scale': 0.2, 'C': 0.1}
  [none] fold 1/6 pqk      inner  57.8%  outer  48.5%   {'n_qubits': 8, 'layers': 2, 'reupload': True, 'entanglement': 'linear', 'feature_map': 'z', 'angle_scale': 0.1, 'C': 1.0, 'gamma': 0.3}
  [none] fold 1/6 logreg   inner  57.4%  outer  46.7%   {'C': 0.003, 'n_qubits': 20}
  [none] fold 1/6 svm_rbf  inner  56.8%  outer  49.4%   {'C': 0.01, 'gamma': 0.01, 'n_qubits': 20}
  [none] fold 1 done, 56s
  [none] fold 2/6 qsvc     inner  54.0%  outer  62.5%   {'n_qubits': 10, 'layers': 3, 'reupload': True, 'entanglement': 'full', 'feature_map': 'z', 'angle_scale': 1.0, 'C': 0.1}
  [none] fold 2/6 pqk      inner  54.0%  outer  54.8%   {'n_qubits': 10, 'layers': 3, 'reupload': False, 'entanglement': 'linear', 'feature_map': 'z', 'angle_scale': 0.7, 'C': 1.0, 'gamma': 'scale'}
  [none] fold 2/6 logreg   inner  53.3%  outer  61.3%   {'C': 10.0, 'n_qubits': 6}
  [none] fold 2/6 svm_rbf  inner  53.8%  outer  56.8%   {'C': 1.0, 'gamma': 0.5, 'n_qubits': 30}
  [none] fold 2 done, 110s
  [none] fold 3/6 qsvc     inner  58.3%  outer  42.0%   {'n_qubits': 10, 'layers': 2, 'reupload': True, 'entanglement': 'linear', 'feature_map': 'zz', 'angle_scale': 0.05, 'C': 0.01}
  [none] fold 3/6 pqk      inner  57.1%  outer  44.6%   {'n_qubits': 10, 'layers': 3, 'reupload': True, 'entanglement': 'full', 'feature_map': 'z', 'angle_scale': 0.1, 'C': 0.01, 'gamma': 0.3}
  [none] fold 3/6 logreg   inner  56.8%  outer  45.5%   {'C': 100.0, 'n_qubits': 30}
  [none] fold 3/6 svm_rbf  inner  57.4%  outer  42.9%   {'C': 0.01, 'gamma': 0.01, 'n_qubits': 20}
  [none] fold 3 done, 173s
  [none] fold 4/6 qsvc     inner  54.1%  outer  65.8%   {'n_qubits': 10, 'layers': 2, 'reupload': True, 'entanglement': 'full', 'feature_map': 'z', 'angle_scale': 0.1, 'C': 10.0}
  [none] fold 4/6 pqk      inner  53.6%  outer  55.1%   {'n_qubits': 8, 'layers': 2, 'reupload': False, 'entanglement': 'linear', 'feature_map': 'z', 'angle_scale': 1.0, 'C': 0.1, 'gamma': 1.0}
  [none] fold 4/6 logreg   inner  53.2%  outer  66.7%   {'C': 0.3, 'n_qubits': 30}
  [none] fold 4/6 svm_rbf  inner  54.0%  outer  55.4%   {'C': 100.0, 'gamma': 'scale', 'n_qubits': 6}
  [none] fold 4 done, 230s
  [none] fold 5/6 qsvc     inner  54.1%  outer  56.5%   {'n_qubits': 10, 'layers': 1, 'reupload': False, 'entanglement': 'linear', 'feature_map': 'zz', 'angle_scale': 1.0, 'C': 10.0}
  [none] fold 5/6 pqk      inner  53.9%  outer  67.3%   {'n_qubits': 8, 'layers': 2, 'reupload': True, 'entanglement': 'linear', 'feature_map': 'z', 'angle_scale': 0.1, 'C': 1.0, 'gamma': 0.3}
  [none] fold 5/6 logreg   inner  54.6%  outer  63.4%   {'C': 0.1, 'n_qubits': 20}
  [none] fold 5/6 svm_rbf  inner  53.5%  outer  53.9%   {'C': 10.0, 'gamma': 0.1, 'n_qubits': 30}
  [none] fold 5 done, 273s
  [none] fold 6/6 qsvc     inner  57.4%  outer  44.3%   {'n_qubits': 10, 'layers': 2, 'reupload': True, 'entanglement': 'linear', 'feature_map': 'zz', 'angle_scale': 0.05, 'C': 0.01}
  [none] fold 6/6 pqk      inner  56.6%  outer  46.1%   {'n_qubits': 10, 'layers': 3, 'reupload': True, 'entanglement': 'full', 'feature_map': 'z', 'angle_scale': 0.1, 'C': 0.01, 'gamma': 0.3}
  [none] fold 6/6 logreg   inner  57.3%  outer  46.1%   {'C': 3.0, 'n_qubits': 16}
  [none] fold 6/6 svm_rbf  inner  56.8%  outer  51.2%   {'C': 10.0, 'gamma': 0.1, 'n_qubits': 30}
  [none] fold 6 done, 321s

=== none normalisation: nested subject-wise CV, 36 subjects ===
model      nested acc  mean/subject     sd
logreg          55.0%         55.0%  14.3   classical
qsvc            53.5%         53.5%  14.6   quantum
pqk             52.7%         52.7%  14.3   quantum
svm_rbf         51.6%         51.6%  10.1   classical

paired Wilcoxon across subjects (quantum vs each classical):
  qsvc  vs logreg   diff  -1.4 pts  better on 18/36  p = 0.7363
  qsvc  vs svm_rbf  diff  +1.9 pts  better on 20/36  p = 0.1907
  pqk   vs logreg   diff  -2.2 pts  better on 17/36  p = 0.2055
  pqk   vs svm_rbf  diff  +1.1 pts  better on 18/36  p = 0.6427

PRE-REGISTERED DECISION: best quantum qsvc vs best classical logreg: -1.4 pts, p = 0.7363 (alpha 0.025) -> classical wins or ties
  [subject] fold 1/6 qsvc     inner  61.5%  outer  50.9%   {'n_qubits': 8, 'layers': 2, 'reupload': True, 'entanglement': 'linear', 'feature_map': 'z', 'angle_scale': 0.2, 'C': 0.1}
  [subject] fold 1/6 pqk      inner  61.1%  outer  51.2%   {'n_qubits': 8, 'layers': 2, 'reupload': True, 'entanglement': 'linear', 'feature_map': 'z', 'angle_scale': 0.1, 'C': 1.0, 'gamma': 0.3}
  [subject] fold 1/6 logreg   inner  60.1%  outer  50.9%   {'C': 1.0, 'n_qubits': 16}
  [subject] fold 1/6 svm_rbf  inner  59.9%  outer  50.3%   {'C': 0.01, 'gamma': 'scale', 'n_qubits': 8}
  [subject] fold 1 done, 51s
  [subject] fold 2/6 qsvc     inner  57.3%  outer  61.0%   {'n_qubits': 10, 'layers': 2, 'reupload': True, 'entanglement': 'full', 'feature_map': 'z', 'angle_scale': 0.1, 'C': 10.0}
  [subject] fold 2/6 pqk      inner  55.7%  outer  62.5%   {'n_qubits': 8, 'layers': 2, 'reupload': True, 'entanglement': 'linear', 'feature_map': 'z', 'angle_scale': 0.1, 'C': 1.0, 'gamma': 0.3}
  [subject] fold 2/6 logreg   inner  57.5%  outer  62.5%   {'C': 100.0, 'n_qubits': 30}
  [subject] fold 2/6 svm_rbf  inner  56.5%  outer  61.3%   {'C': 10.0, 'gamma': 0.01, 'n_qubits': 20}
  [subject] fold 2 done, 104s
  [subject] fold 3/6 qsvc     inner  61.3%  outer  43.2%   {'n_qubits': 10, 'layers': 2, 'reupload': True, 'entanglement': 'linear', 'feature_map': 'zz', 'angle_scale': 0.05, 'C': 0.01}
  [subject] fold 3/6 pqk      inner  60.7%  outer  46.4%   {'n_qubits': 10, 'layers': 3, 'reupload': False, 'entanglement': 'linear', 'feature_map': 'z', 'angle_scale': 0.7, 'C': 1.0, 'gamma': 'scale'}
  [subject] fold 3/6 logreg   inner  61.0%  outer  47.3%   {'C': 0.003, 'n_qubits': 20}
  [subject] fold 3/6 svm_rbf  inner  61.0%  outer  47.6%   {'C': 100.0, 'gamma': 0.05, 'n_qubits': 4}
  [subject] fold 3 done, 157s
  [subject] fold 4/6 qsvc     inner  55.1%  outer  61.9%   {'n_qubits': 8, 'layers': 2, 'reupload': True, 'entanglement': 'linear', 'feature_map': 'z', 'angle_scale': 0.5, 'C': 100.0}
  [subject] fold 4/6 pqk      inner  54.6%  outer  66.4%   {'n_qubits': 10, 'layers': 3, 'reupload': False, 'entanglement': 'linear', 'feature_map': 'zz', 'angle_scale': 0.1, 'C': 0.1, 'gamma': 'scale'}
  [subject] fold 4/6 logreg   inner  56.0%  outer  68.8%   {'C': 0.01, 'n_qubits': 16}
  [subject] fold 4/6 svm_rbf  inner  56.8%  outer  60.4%   {'C': 1.0, 'gamma': 0.5, 'n_qubits': 30}
  [subject] fold 4 done, 205s
  [subject] fold 5/6 qsvc     inner  56.0%  outer  65.5%   {'n_qubits': 8, 'layers': 2, 'reupload': True, 'entanglement': 'linear', 'feature_map': 'z', 'angle_scale': 0.5, 'C': 100.0}
  [subject] fold 5/6 pqk      inner  56.3%  outer  57.4%   {'n_qubits': 6, 'layers': 3, 'reupload': True, 'entanglement': 'full', 'feature_map': 'z', 'angle_scale': 0.3, 'C': 100.0, 'gamma': 1.0}
  [subject] fold 5/6 logreg   inner  57.6%  outer  67.6%   {'C': 0.3, 'n_qubits': 30}
  [subject] fold 5/6 svm_rbf  inner  57.2%  outer  70.8%   {'C': 1.0, 'gamma': 'scale', 'n_qubits': 20}
  [subject] fold 5 done, 251s
  [subject] fold 6/6 qsvc     inner  61.4%  outer  43.8%   {'n_qubits': 8, 'layers': 2, 'reupload': True, 'entanglement': 'linear', 'feature_map': 'z', 'angle_scale': 0.2, 'C': 0.1}
  [subject] fold 6/6 pqk      inner  61.5%  outer  41.7%   {'n_qubits': 10, 'layers': 1, 'reupload': False, 'entanglement': 'linear', 'feature_map': 'z', 'angle_scale': 0.1, 'C': 1.0, 'gamma': 0.1}
  [subject] fold 6/6 logreg   inner  62.4%  outer  47.6%   {'C': 0.3, 'n_qubits': 30}
  [subject] fold 6/6 svm_rbf  inner  61.1%  outer  43.5%   {'C': 0.1, 'gamma': 0.01, 'n_qubits': 12}
  [subject] fold 6 done, 299s

=== subject normalisation: nested subject-wise CV, 36 subjects ===
model      nested acc  mean/subject     sd
logreg          57.4%         57.4%  14.8   classical
svm_rbf         55.7%         55.7%  16.3   classical
qsvc            54.4%         54.4%  15.0   quantum
pqk             54.3%         54.3%  15.2   quantum

paired Wilcoxon across subjects (quantum vs each classical):
  qsvc  vs logreg   diff  -3.1 pts  better on 7/36  p = 0.0135
  qsvc  vs svm_rbf  diff  -1.3 pts  better on 14/36  p = 0.3185
  pqk   vs logreg   diff  -3.2 pts  better on 11/36  p = 0.0223
  pqk   vs svm_rbf  diff  -1.4 pts  better on 14/36  p = 0.3541

PRE-REGISTERED DECISION: best quantum qsvc vs best classical logreg: -3.1 pts, p = 0.0135 (alpha 0.025) -> classical wins or ties

wrote results/tuning2_eegmat.json
