[tune2] X=(10856, 234) subjects=23 budget=30/model outer=6 inner=3 alpha=0.025
  [none] fold 1/6 qsvc     inner  57.2%  outer  55.5%   {'n_qubits': 6, 'layers': 3, 'reupload': False, 'entanglement': 'full', 'feature_map': 'zz', 'angle_scale': 0.1, 'C': 10.0}
  [none] fold 1/6 pqk      inner  56.4%  outer  57.8%   {'n_qubits': 10, 'layers': 3, 'reupload': False, 'entanglement': 'linear', 'feature_map': 'z', 'angle_scale': 0.7, 'C': 1.0, 'gamma': 'scale'}
  [none] fold 1/6 qlr      inner  55.8%  outer  56.4%   {'n_qubits': 6, 'layers': 2, 'reupload': False, 'entanglement': 'linear', 'feature_map': 'zz', 'angle_scale': 0.05, 'C': 1.0}
  [none] fold 1/6 hybrid   inner  57.0%  outer  57.3%   {'k_classical': 16, 'n_qubits': 10, 'layers': 3, 'reupload': True, 'entanglement': 'linear', 'feature_map': 'zz', 'angle_scale': 0.1, 'C': 0.3}
  [none] fold 1/6 hybrid_z inner  57.1%  outer  56.3%   {'k_classical': 16, 'n_qubits': 10, 'layers': 3, 'reupload': True, 'entanglement': 'linear', 'feature_map': 'z', 'angle_scale': 0.2, 'C': 0.3}
  [none] fold 1/6 logreg   inner  55.5%  outer  59.6%   {'C': 0.003, 'n_qubits': 20}
  [none] fold 1/6 svm_rbf  inner  57.5%  outer  59.9%   {'C': 1.0, 'gamma': 0.1, 'n_qubits': 20}
  [none] fold 1 done, 22s
  [none] fold 2/6 qsvc     inner  57.0%  outer  51.9%   {'n_qubits': 10, 'layers': 2, 'reupload': True, 'entanglement': 'full', 'feature_map': 'z', 'angle_scale': 0.1, 'C': 10.0}
  [none] fold 2/6 pqk      inner  55.9%  outer  50.7%   {'n_qubits': 10, 'layers': 1, 'reupload': False, 'entanglement': 'linear', 'feature_map': 'z', 'angle_scale': 0.1, 'C': 1.0, 'gamma': 0.1}
  [none] fold 2/6 qlr      inner  58.1%  outer  53.6%   {'n_qubits': 8, 'layers': 3, 'reupload': True, 'entanglement': 'linear', 'feature_map': 'z', 'angle_scale': 0.3, 'C': 10.0}
  [none] fold 2/6 hybrid   inner  58.0%  outer  51.3%   {'k_classical': 20, 'n_qubits': 6, 'layers': 1, 'reupload': False, 'entanglement': 'linear', 'feature_map': 'zz', 'angle_scale': 0.5, 'C': 0.3}
  [none] fold 2/6 hybrid_z inner  57.7%  outer  52.4%   {'k_classical': 20, 'n_qubits': 4, 'layers': 2, 'reupload': False, 'entanglement': 'full', 'feature_map': 'z', 'angle_scale': 0.5, 'C': 0.01}
  [none] fold 2/6 logreg   inner  57.6%  outer  51.9%   {'C': 0.003, 'n_qubits': 20}
  [none] fold 2/6 svm_rbf  inner  57.5%  outer  52.2%   {'C': 1.0, 'gamma': 0.1, 'n_qubits': 20}
  [none] fold 2 done, 37s
  [none] fold 3/6 qsvc     inner  57.1%  outer  58.5%   {'n_qubits': 6, 'layers': 3, 'reupload': True, 'entanglement': 'full', 'feature_map': 'z', 'angle_scale': 0.5, 'C': 10.0}
  [none] fold 3/6 pqk      inner  55.9%  outer  56.1%   {'n_qubits': 6, 'layers': 3, 'reupload': True, 'entanglement': 'linear', 'feature_map': 'z', 'angle_scale': 0.5, 'C': 100.0, 'gamma': 'scale'}
  [none] fold 3/6 qlr      inner  55.9%  outer  62.8%   {'n_qubits': 8, 'layers': 2, 'reupload': True, 'entanglement': 'full', 'feature_map': 'z', 'angle_scale': 0.7, 'C': 10.0}
  [none] fold 3/6 hybrid   inner  56.3%  outer  64.6%   {'k_classical': 30, 'n_qubits': 8, 'layers': 2, 'reupload': False, 'entanglement': 'linear', 'feature_map': 'zz', 'angle_scale': 0.1, 'C': 0.3}
  [none] fold 3/6 hybrid_z inner  56.7%  outer  62.1%   {'k_classical': 8, 'n_qubits': 8, 'layers': 2, 'reupload': True, 'entanglement': 'full', 'feature_map': 'z', 'angle_scale': 1.0, 'C': 0.01}
  [none] fold 3/6 logreg   inner  56.2%  outer  62.2%   {'C': 0.01, 'n_qubits': 16}
  [none] fold 3/6 svm_rbf  inner  56.1%  outer  62.0%   {'C': 1.0, 'gamma': 'scale', 'n_qubits': 12}
  [none] fold 3 done, 56s
  [none] fold 4/6 qsvc     inner  55.0%  outer  59.4%   {'n_qubits': 10, 'layers': 3, 'reupload': False, 'entanglement': 'linear', 'feature_map': 'z', 'angle_scale': 0.3, 'C': 0.01}
  [none] fold 4/6 pqk      inner  55.7%  outer  59.3%   {'n_qubits': 10, 'layers': 1, 'reupload': False, 'entanglement': 'full', 'feature_map': 'zz', 'angle_scale': 0.1, 'C': 1.0, 'gamma': 'scale'}
  [none] fold 4/6 qlr      inner  56.1%  outer  60.8%   {'n_qubits': 10, 'layers': 1, 'reupload': False, 'entanglement': 'linear', 'feature_map': 'z', 'angle_scale': 0.3, 'C': 0.3}
  [none] fold 4/6 hybrid   inner  56.3%  outer  60.3%   {'k_classical': 8, 'n_qubits': 10, 'layers': 1, 'reupload': False, 'entanglement': 'full', 'feature_map': 'zz', 'angle_scale': 0.1, 'C': 0.3}
  [none] fold 4/6 hybrid_z inner  55.8%  outer  60.5%   {'k_classical': 8, 'n_qubits': 10, 'layers': 1, 'reupload': False, 'entanglement': 'full', 'feature_map': 'z', 'angle_scale': 0.1, 'C': 0.3}
  [none] fold 4/6 logreg   inner  55.0%  outer  58.3%   {'C': 100.0, 'n_qubits': 6}
  [none] fold 4/6 svm_rbf  inner  55.3%  outer  61.5%   {'C': 10.0, 'gamma': 'scale', 'n_qubits': 20}
  [none] fold 4 done, 73s
  [none] fold 5/6 qsvc     inner  56.7%  outer  53.2%   {'n_qubits': 10, 'layers': 2, 'reupload': True, 'entanglement': 'full', 'feature_map': 'z', 'angle_scale': 0.1, 'C': 10.0}
  [none] fold 5/6 pqk      inner  56.6%  outer  56.7%   {'n_qubits': 10, 'layers': 1, 'reupload': False, 'entanglement': 'linear', 'feature_map': 'z', 'angle_scale': 0.1, 'C': 1.0, 'gamma': 0.1}
  [none] fold 5/6 qlr      inner  56.1%  outer  53.6%   {'n_qubits': 8, 'layers': 1, 'reupload': False, 'entanglement': 'linear', 'feature_map': 'z', 'angle_scale': 0.1, 'C': 0.1}
  [none] fold 5/6 hybrid   inner  56.4%  outer  56.7%   {'k_classical': 20, 'n_qubits': 6, 'layers': 1, 'reupload': False, 'entanglement': 'linear', 'feature_map': 'zz', 'angle_scale': 0.5, 'C': 0.3}
  [none] fold 5/6 hybrid_z inner  56.8%  outer  55.9%   {'k_classical': 20, 'n_qubits': 10, 'layers': 1, 'reupload': False, 'entanglement': 'linear', 'feature_map': 'z', 'angle_scale': 0.05, 'C': 0.003}
  [none] fold 5/6 logreg   inner  56.7%  outer  56.0%   {'C': 0.003, 'n_qubits': 20}
  [none] fold 5/6 svm_rbf  inner  57.5%  outer  54.0%   {'C': 0.1, 'gamma': 0.05, 'n_qubits': 30}
  [none] fold 5 done, 89s
  [none] fold 6/6 qsvc     inner  58.6%  outer  52.8%   {'n_qubits': 10, 'layers': 2, 'reupload': True, 'entanglement': 'full', 'feature_map': 'z', 'angle_scale': 0.1, 'C': 10.0}
  [none] fold 6/6 pqk      inner  58.2%  outer  50.0%   {'n_qubits': 8, 'layers': 2, 'reupload': True, 'entanglement': 'linear', 'feature_map': 'z', 'angle_scale': 0.1, 'C': 1.0, 'gamma': 0.3}
  [none] fold 6/6 qlr      inner  58.7%  outer  52.4%   {'n_qubits': 8, 'layers': 3, 'reupload': True, 'entanglement': 'linear', 'feature_map': 'z', 'angle_scale': 0.3, 'C': 10.0}
  [none] fold 6/6 hybrid   inner  60.0%  outer  51.6%   {'k_classical': 20, 'n_qubits': 8, 'layers': 1, 'reupload': False, 'entanglement': 'full', 'feature_map': 'zz', 'angle_scale': 0.7, 'C': 0.1}
  [none] fold 6/6 hybrid_z inner  60.1%  outer  52.9%   {'k_classical': 20, 'n_qubits': 6, 'layers': 3, 'reupload': False, 'entanglement': 'linear', 'feature_map': 'z', 'angle_scale': 0.5, 'C': 1.0}
  [none] fold 6/6 logreg   inner  59.8%  outer  51.8%   {'C': 3.0, 'n_qubits': 20}
  [none] fold 6/6 svm_rbf  inner  58.8%  outer  52.6%   {'C': 1.0, 'gamma': 0.01, 'n_qubits': 20}
  [none] fold 6 done, 104s

=== none normalisation: nested subject-wise CV, 36 subjects ===
model      nested acc  mean/subject     sd
svm_rbf         56.7%         56.3%  10.1   classical
hybrid          56.7%         54.9%   9.0   quantum
hybrid_z        56.5%         54.7%   9.3   control (no entanglement)
qlr             56.4%         54.9%   8.7   quantum
logreg          56.3%         54.7%   9.8   classical
qsvc            55.1%         54.7%   9.2   quantum
pqk             55.0%         54.5%   7.9   quantum

paired Wilcoxon across subjects (quantum vs each classical):
  qsvc  vs logreg   diff  +0.1 pts  better on 12/23  p = 0.6378
  qsvc  vs svm_rbf  diff  -1.6 pts  better on 6/23  p = 0.1084
  pqk   vs logreg   diff  -0.1 pts  better on 12/23  p = 0.8484
  pqk   vs svm_rbf  diff  -1.8 pts  better on 7/23  p = 0.0459
  qlr   vs logreg   diff  +0.2 pts  better on 13/23  p = 0.6849
  qlr   vs svm_rbf  diff  -1.4 pts  better on 9/23  p = 0.1895
  hybrid vs logreg   diff  +0.3 pts  better on 12/23  p = 0.6012
  hybrid vs svm_rbf  diff  -1.4 pts  better on 9/23  p = 0.2226

ENTANGLEMENT CONTROL: hybrid (zz) vs hybrid_z (classically trivial): diff +0.2 pts, better on 12/23, p = 0.8697

PRE-REGISTERED DECISION: best quantum hybrid vs best classical svm_rbf: -0.0 pts, p = 0.2226 (alpha 0.025) -> classical wins or ties
  [subject] fold 1/6 qsvc     inner  57.0%  outer  53.4%   {'n_qubits': 6, 'layers': 3, 'reupload': False, 'entanglement': 'full', 'feature_map': 'zz', 'angle_scale': 0.3, 'C': 0.1}
  [subject] fold 1/6 pqk      inner  57.3%  outer  53.8%   {'n_qubits': 8, 'layers': 2, 'reupload': False, 'entanglement': 'linear', 'feature_map': 'z', 'angle_scale': 1.0, 'C': 0.1, 'gamma': 1.0}
  [subject] fold 1/6 qlr      inner  57.4%  outer  53.7%   {'n_qubits': 4, 'layers': 3, 'reupload': False, 'entanglement': 'linear', 'feature_map': 'zz', 'angle_scale': 0.5, 'C': 1.0}
  [subject] fold 1/6 hybrid   inner  56.8%  outer  57.3%   {'k_classical': 16, 'n_qubits': 8, 'layers': 3, 'reupload': False, 'entanglement': 'linear', 'feature_map': 'zz', 'angle_scale': 0.5, 'C': 0.003}
  [subject] fold 1/6 hybrid_z inner  56.3%  outer  58.6%   {'k_classical': 16, 'n_qubits': 8, 'layers': 2, 'reupload': False, 'entanglement': 'linear', 'feature_map': 'z', 'angle_scale': 0.5, 'C': 1.0}
  [subject] fold 1/6 logreg   inner  57.2%  outer  52.8%   {'C': 0.003, 'n_qubits': 4}
  [subject] fold 1/6 svm_rbf  inner  57.8%  outer  57.3%   {'C': 1.0, 'gamma': 0.1, 'n_qubits': 20}
  [subject] fold 1 done, 15s
  [subject] fold 2/6 qsvc     inner  56.9%  outer  50.7%   {'n_qubits': 10, 'layers': 2, 'reupload': True, 'entanglement': 'full', 'feature_map': 'z', 'angle_scale': 0.1, 'C': 10.0}
  [subject] fold 2/6 pqk      inner  56.1%  outer  53.4%   {'n_qubits': 10, 'layers': 1, 'reupload': False, 'entanglement': 'full', 'feature_map': 'zz', 'angle_scale': 0.1, 'C': 1.0, 'gamma': 'scale'}
  [subject] fold 2/6 qlr      inner  56.7%  outer  48.7%   {'n_qubits': 10, 'layers': 2, 'reupload': True, 'entanglement': 'linear', 'feature_map': 'z', 'angle_scale': 0.5, 'C': 1.0}
  [subject] fold 2/6 hybrid   inner  58.6%  outer  47.9%   {'k_classical': 16, 'n_qubits': 10, 'layers': 3, 'reupload': True, 'entanglement': 'linear', 'feature_map': 'zz', 'angle_scale': 0.1, 'C': 0.3}
  [subject] fold 2/6 hybrid_z inner  57.6%  outer  49.6%   {'k_classical': 20, 'n_qubits': 8, 'layers': 3, 'reupload': True, 'entanglement': 'linear', 'feature_map': 'z', 'angle_scale': 1.0, 'C': 0.003}
  [subject] fold 2/6 logreg   inner  57.4%  outer  49.7%   {'C': 0.01, 'n_qubits': 30}
  [subject] fold 2/6 svm_rbf  inner  58.7%  outer  50.7%   {'C': 0.1, 'gamma': 0.05, 'n_qubits': 30}
  [subject] fold 2 done, 32s
  [subject] fold 3/6 qsvc     inner  55.7%  outer  60.0%   {'n_qubits': 8, 'layers': 2, 'reupload': True, 'entanglement': 'linear', 'feature_map': 'z', 'angle_scale': 0.5, 'C': 100.0}
  [subject] fold 3/6 pqk      inner  54.3%  outer  57.9%   {'n_qubits': 6, 'layers': 3, 'reupload': True, 'entanglement': 'linear', 'feature_map': 'z', 'angle_scale': 0.5, 'C': 100.0, 'gamma': 'scale'}
  [subject] fold 3/6 qlr      inner  55.3%  outer  62.8%   {'n_qubits': 8, 'layers': 3, 'reupload': True, 'entanglement': 'linear', 'feature_map': 'z', 'angle_scale': 0.3, 'C': 10.0}
  [subject] fold 3/6 hybrid   inner  55.3%  outer  65.0%   {'k_classical': 16, 'n_qubits': 10, 'layers': 3, 'reupload': True, 'entanglement': 'linear', 'feature_map': 'zz', 'angle_scale': 0.1, 'C': 0.3}
  [subject] fold 3/6 hybrid_z inner  55.9%  outer  64.2%   {'k_classical': 16, 'n_qubits': 10, 'layers': 3, 'reupload': True, 'entanglement': 'linear', 'feature_map': 'z', 'angle_scale': 0.2, 'C': 0.3}
  [subject] fold 3/6 logreg   inner  55.5%  outer  64.8%   {'C': 0.01, 'n_qubits': 30}
  [subject] fold 3/6 svm_rbf  inner  56.3%  outer  63.9%   {'C': 0.1, 'gamma': 0.05, 'n_qubits': 30}
  [subject] fold 3 done, 52s
  [subject] fold 4/6 qsvc     inner  55.8%  outer  60.7%   {'n_qubits': 10, 'layers': 2, 'reupload': True, 'entanglement': 'linear', 'feature_map': 'zz', 'angle_scale': 0.05, 'C': 0.01}
  [subject] fold 4/6 pqk      inner  55.8%  outer  63.3%   {'n_qubits': 10, 'layers': 3, 'reupload': False, 'entanglement': 'linear', 'feature_map': 'z', 'angle_scale': 0.7, 'C': 1.0, 'gamma': 'scale'}
  [subject] fold 4/6 qlr      inner  55.7%  outer  62.4%   {'n_qubits': 10, 'layers': 1, 'reupload': False, 'entanglement': 'linear', 'feature_map': 'z', 'angle_scale': 0.3, 'C': 3.0}
  [subject] fold 4/6 hybrid   inner  55.6%  outer  62.3%   {'k_classical': 8, 'n_qubits': 8, 'layers': 2, 'reupload': True, 'entanglement': 'full', 'feature_map': 'zz', 'angle_scale': 1.0, 'C': 0.01}
  [subject] fold 4/6 hybrid_z inner  55.6%  outer  62.2%   {'k_classical': 8, 'n_qubits': 10, 'layers': 1, 'reupload': False, 'entanglement': 'full', 'feature_map': 'z', 'angle_scale': 0.1, 'C': 0.3}
  [subject] fold 4/6 logreg   inner  55.3%  outer  59.4%   {'C': 0.1, 'n_qubits': 6}
  [subject] fold 4/6 svm_rbf  inner  55.8%  outer  64.8%   {'C': 0.1, 'gamma': 0.05, 'n_qubits': 30}
  [subject] fold 4 done, 69s
  [subject] fold 5/6 qsvc     inner  57.3%  outer  50.5%   {'n_qubits': 10, 'layers': 2, 'reupload': True, 'entanglement': 'full', 'feature_map': 'z', 'angle_scale': 0.1, 'C': 10.0}
  [subject] fold 5/6 pqk      inner  56.6%  outer  52.6%   {'n_qubits': 6, 'layers': 3, 'reupload': True, 'entanglement': 'linear', 'feature_map': 'zz', 'angle_scale': 0.1, 'C': 10.0, 'gamma': 1.0}
  [subject] fold 5/6 qlr      inner  57.5%  outer  53.1%   {'n_qubits': 8, 'layers': 3, 'reupload': True, 'entanglement': 'linear', 'feature_map': 'z', 'angle_scale': 0.3, 'C': 10.0}
  [subject] fold 5/6 hybrid   inner  56.9%  outer  52.9%   {'k_classical': 16, 'n_qubits': 4, 'layers': 1, 'reupload': False, 'entanglement': 'full', 'feature_map': 'zz', 'angle_scale': 0.2, 'C': 0.01}
  [subject] fold 5/6 hybrid_z inner  58.3%  outer  53.8%   {'k_classical': 8, 'n_qubits': 8, 'layers': 3, 'reupload': True, 'entanglement': 'full', 'feature_map': 'z', 'angle_scale': 0.1, 'C': 0.01}
  [subject] fold 5/6 logreg   inner  56.7%  outer  49.3%   {'C': 0.01, 'n_qubits': 30}
  [subject] fold 5/6 svm_rbf  inner  58.1%  outer  47.0%   {'C': 1.0, 'gamma': 0.1, 'n_qubits': 20}
  [subject] fold 5 done, 84s
  [subject] fold 6/6 qsvc     inner  58.7%  outer  55.4%   {'n_qubits': 10, 'layers': 2, 'reupload': True, 'entanglement': 'full', 'feature_map': 'z', 'angle_scale': 0.1, 'C': 10.0}
  [subject] fold 6/6 pqk      inner  58.1%  outer  49.6%   {'n_qubits': 4, 'layers': 2, 'reupload': False, 'entanglement': 'linear', 'feature_map': 'zz', 'angle_scale': 0.5, 'C': 1.0, 'gamma': 0.3}
  [subject] fold 6/6 qlr      inner  59.1%  outer  52.3%   {'n_qubits': 10, 'layers': 2, 'reupload': False, 'entanglement': 'full', 'feature_map': 'z', 'angle_scale': 1.0, 'C': 3.0}
  [subject] fold 6/6 hybrid   inner  59.3%  outer  53.9%   {'k_classical': 12, 'n_qubits': 8, 'layers': 3, 'reupload': True, 'entanglement': 'linear', 'feature_map': 'zz', 'angle_scale': 0.1, 'C': 0.01}
  [subject] fold 6/6 hybrid_z inner  59.1%  outer  55.1%   {'k_classical': 30, 'n_qubits': 8, 'layers': 2, 'reupload': False, 'entanglement': 'linear', 'feature_map': 'z', 'angle_scale': 0.1, 'C': 0.3}
  [subject] fold 6/6 logreg   inner  58.9%  outer  54.1%   {'C': 0.03, 'n_qubits': 30}
  [subject] fold 6/6 svm_rbf  inner  58.9%  outer  52.6%   {'C': 0.1, 'gamma': 0.05, 'n_qubits': 30}
  [subject] fold 6 done, 99s

=== subject normalisation: nested subject-wise CV, 36 subjects ===
model      nested acc  mean/subject     sd
hybrid_z        57.0%         56.4%  10.8   control (no entanglement)
hybrid          56.2%         55.1%   9.7   quantum
svm_rbf         55.7%         55.8%  10.2   classical
qlr             55.3%         54.3%  11.3   quantum
qsvc            55.0%         54.6%  11.1   quantum
pqk             55.0%         52.6%  11.6   quantum
logreg          54.8%         54.5%  11.8   classical

paired Wilcoxon across subjects (quantum vs each classical):
  qsvc  vs logreg   diff  +0.1 pts  better on 16/23  p = 0.2914
  qsvc  vs svm_rbf  diff  -1.2 pts  better on 12/23  p = 0.7998
  pqk   vs logreg   diff  -1.9 pts  better on 10/23  p = 0.2234
  pqk   vs svm_rbf  diff  -3.2 pts  better on 7/23  p = 0.0098
  qlr   vs logreg   diff  -0.1 pts  better on 10/23  p = 0.6012
  qlr   vs svm_rbf  diff  -1.5 pts  better on 8/23  p = 0.1677
  hybrid vs logreg   diff  +0.6 pts  better on 12/23  p = 0.4077
  hybrid vs svm_rbf  diff  -0.7 pts  better on 11/23  p = 0.6849

ENTANGLEMENT CONTROL: hybrid (zz) vs hybrid_z (classically trivial): diff -1.3 pts, better on 10/23, p = 0.4274

PRE-REGISTERED DECISION: best quantum hybrid vs best classical svm_rbf: +0.5 pts, p = 0.6849 (alpha 0.025) -> quantum ahead, NOT significant -- not a win

wrote results/tuning_chbmit.json
ALLDONE
